
          -------------------------------------------------------
          Amber 10 SANDER                              2008
          -------------------------------------------------------

| Run on 01/16/2007 at 19:32:48
  [-O]verwriting output

File Assignments:
|  MDIN: pimd_pme.in                                                           
| MDOUT: spcfw_pimd.out                                                        
|INPCRD: spcfw_pimd.rst                                                        
|  PARM: spcfw_pimd.top                                                        
|RESTRT: restrt                                                                
|  REFC: refc                                                                  
| MDVEL: mdvel                                                                 
|  MDEN: mden                                                                  
| MDCRD: mdcrd                                                                 
|MDINFO: mdinfo                                                                
|INPDIP: inpdip                                                                
|RSTDIP: rstdip                                                                

 
 Here is the input file:
 
                                                                               
water box pimd simulation: PBC                                                 
                                                                               
&cntrl                                                                         
                                                                               
   ipimd = 1                                                                   
                                                                               
   temp0 = 300, tempi = 300, temp0les = -1.0 ! use single bath for les and non-
                                                                               
   dt = 0.001, nstlim=5,                                                       
                                                                               
   ntpr = 1, ntwx = 50, cut = 7.9,                                             
                                                                               
   ntt = 3, gamma_ln = 20.0                                                    
                                                                               
   ntx = 5, irest = 1                                                          
/                                                                              
&ewald                                                                         
   skinnb=1.0                                                                  
/                                                                              

--------------------------------------------------------------------------------
   1.  RESOURCE   USE: 
--------------------------------------------------------------------------------

 getting new box info from bottom of inpcrd
|  INFO: Old style inpcrd file read

| peek_ewald_inpcrd: Box info found
|Largest sphere to fit in unit cell has radius =     9.387
 NATOM  =    2592 NTYPES =       2 NBONH =    2592 MBONA  =       0
 NTHETH =     864 MTHETA =       0 NPHIH =       0 MPHIA  =       0
 NHPARM =       0 NPARM  =       1 NNB   =    3456 NRES   =     216
 NBONA  =       0 NTHETA =       0 NPHIA =       0 NUMBND =       4
 NUMANG =       2 NPTRA  =       0 NATYP =       2 NPHB   =       1
 IFBOX  =       1 NMXRS  =      12 IFCAP =       0 NEXTRA =       0
 NCOPY  =       4


|     Memory Use     Allocated
|     Real              208564
|     Hollerith          15770
|     Integer            78328
|     Max Pairs         609093
|     nblistReal         31104
|     nblist Int         75845
|       Total             4915 kbytes
 LES parameters were found
       0 LES atom pairs require adjustment
| Duplicated    0 dihedrals
| Duplicated    0 dihedrals

     BOX TYPE: RECTILINEAR

--------------------------------------------------------------------------------
   2.  CONTROL  DATA  FOR  THE  RUN
--------------------------------------------------------------------------------

WATE                                                                            

General flags:
     imin    =       0, nmropt  =       0

Nature and format of input:
     ntx     =       5, irest   =       1, ntrx    =       1

Nature and format of output:
     ntxo    =       1, ntpr    =       1, ntrx    =       1, ntwr    =     500
     iwrap   =       0, ntwx    =      50, ntwv    =       0, ntwe    =       0
     ioutfm  =       0, ntwprt  =       0, idecomp =       0, rbornstat=      0

Potential function:
     ntf     =       1, ntb     =       1, igb     =       0, nsnb    =      25
     ipol    =       0, gbsa    =       0, iesp    =       0
     dielc   =   1.00000, cut     =   7.90000, intdiel =   1.00000
     scnb    =   2.00000, scee    =   1.20000

Frozen or restrained atoms:
     ibelly  =       0, ntr     =       0

Molecular dynamics:
     nstlim  =         5, nscm    =      1000, nrespa  =         1
     t       =   0.00000, dt      =   0.00100, vlimit  =  20.00000

Langevin dynamics temperature regulation:
     ig      =   71277
     temp0   = 300.00000, tempi   = 300.00000, gamma_ln=  20.00000

Ewald parameters:
     verbose =       0, ew_type =       0, nbflag  =       1, use_pme =       1
     vdwmeth =       1, eedmeth =       1, netfrc  =       1
     Box X =   18.774   Box Y =   18.774   Box Z =   18.774
     Alpha =   90.000   Beta  =   90.000   Gamma =   90.000
     NFFT1 =   18       NFFT2 =   18       NFFT3 =   18
     Cutoff=    7.900   Tol   =0.100E-04
     Ewald Coefficient =  0.35332
     Interpolation order =    4
     Setting ifbox to 3 for non-orthogonal unit cell

--------------------------------------------------------------------------------
   3.  ATOMIC COORDINATES AND VELOCITIES
--------------------------------------------------------------------------------

WATE                                                                            
 begin time read from input coords =    51.000 ps

 Number of triangulated 3-point waters found:        0

     Sum of charges from parm topology file =  -0.00000474
     Forcing neutrality...

--------------------------------------------------------------------------------
   4.  RESULTS
--------------------------------------------------------------------------------

THIS IS A PIMD RUN
 
PIMD parameters:
number of beads           =    4
number of classical atoms =  648
temperature (Kelvin)      =   300.00
# degrees of freedom in non-LES region:    7776.
# degrees of freedom in     LES region:       0.
 Single temperature bath for LES and non-LES
 ---------------------------------------------------
 APPROXIMATING switch and d/dx switch using CUBIC SPLINE INTERPOLATION
 using   5000.0 points per unit in tabled values
 TESTING RELATIVE ERROR over r ranging from 0.0 to cutoff
| CHECK switch(x): max rel err =   0.2738E-14   at   2.422500
| CHECK d/dx switch(x): max rel err =   0.8304E-11   at   2.782960
 ---------------------------------------------------
| Local SIZE OF NONBOND LIST =     371267
| TOTAL SIZE OF NONBOND LIST =     371267

 NSTEP =        1   TIME(PS) =      51.001  TEMP(K) =   297.88  PRESS =     0.0
 Etot   =      -499.5068  EKtot   =      1118.5561  EPtot      =     -1618.0629
 BOND   =       576.0384  ANGLE   =       219.1195  DIHED      =         0.0000
 1-4 NB =         0.0000  1-4 EEL =         0.0000  VDWAALS    =       478.8896
 EELEC  =     -2892.1104  EHBOND  =         0.0000  RESTRAINT  =         0.0000
 Ewald error estimate:   0.1767E-02
 ------------------------------------------------------------------------------


 NSTEP =        2   TIME(PS) =      51.002  TEMP(K) =   296.64  PRESS =     0.0
 Etot   =      -492.6994  EKtot   =      1121.2502  EPtot      =     -1613.9496
 BOND   =       585.3019  ANGLE   =       218.8429  DIHED      =         0.0000
 1-4 NB =         0.0000  1-4 EEL =         0.0000  VDWAALS    =       478.8488
 EELEC  =     -2896.9432  EHBOND  =         0.0000  RESTRAINT  =         0.0000
 Ewald error estimate:   0.1672E-02
 ------------------------------------------------------------------------------


 NSTEP =        3   TIME(PS) =      51.003  TEMP(K) =   296.01  PRESS =     0.0
 Etot   =      -480.2702  EKtot   =      1128.6429  EPtot      =     -1608.9132
 BOND   =       596.2105  ANGLE   =       218.5695  DIHED      =         0.0000
 1-4 NB =         0.0000  1-4 EEL =         0.0000  VDWAALS    =       478.9640
 EELEC  =     -2902.6573  EHBOND  =         0.0000  RESTRAINT  =         0.0000
 Ewald error estimate:   0.1409E-02
 ------------------------------------------------------------------------------


 NSTEP =        4   TIME(PS) =      51.004  TEMP(K) =   295.86  PRESS =     0.0
 Etot   =      -466.8169  EKtot   =      1138.3215  EPtot      =     -1605.1384
 BOND   =       606.0073  ANGLE   =       218.1154  DIHED      =         0.0000
 1-4 NB =         0.0000  1-4 EEL =         0.0000  VDWAALS    =       478.9974
 EELEC  =     -2908.2585  EHBOND  =         0.0000  RESTRAINT  =         0.0000
 Ewald error estimate:   0.1048E-02
 ------------------------------------------------------------------------------


 NSTEP =        5   TIME(PS) =      51.005  TEMP(K) =   296.28  PRESS =     0.0
 Etot   =      -456.1460  EKtot   =      1146.5336  EPtot      =     -1602.6795
 BOND   =       613.3835  ANGLE   =       217.3393  DIHED      =         0.0000
 1-4 NB =         0.0000  1-4 EEL =         0.0000  VDWAALS    =       479.0347
 EELEC  =     -2912.4370  EHBOND  =         0.0000  RESTRAINT  =         0.0000
 Ewald error estimate:   0.6881E-03
 ------------------------------------------------------------------------------


      A V E R A G E S   O V E R       5 S T E P S


 NSTEP =        5   TIME(PS) =      51.005  TEMP(K) =   296.54  PRESS =     0.0
 Etot   =      -479.0879  EKtot   =      1130.6609  EPtot      =     -1609.7487
 BOND   =       595.3883  ANGLE   =       218.3973  DIHED      =         0.0000
 1-4 NB =         0.0000  1-4 EEL =         0.0000  VDWAALS    =       478.9469
 EELEC  =     -2902.4813  EHBOND  =         0.0000  RESTRAINT  =         0.0000
 Ewald error estimate:   0.1317E-02
 ------------------------------------------------------------------------------


      R M S  F L U C T U A T I O N S


 NSTEP =        5   TIME(PS) =      51.005  TEMP(K) =     0.72  PRESS =     0.0
 Etot   =        16.0032  EKtot   =        10.4860  EPtot      =         5.6338
 BOND   =        13.5161  ANGLE   =         0.6243  DIHED      =         0.0000
 1-4 NB =         0.0000  1-4 EEL =         0.0000  VDWAALS    =         0.0685
 EELEC  =         7.3587  EHBOND  =         0.0000  RESTRAINT  =         0.0000
 Ewald error estimate:   0.4013E-03
 ------------------------------------------------------------------------------


--------------------------------------------------------------------------------
   5.  TIMINGS
--------------------------------------------------------------------------------

|    Read coords time           0.01 ( 1.24% of Total)
|    Fast Water setup           0.00 ( 0.01% of Total)
|                Build the list             0.13 (77.70% of List )
|                Other                      0.04 (22.30% of List )
|             List time                  0.17 (41.67% of Nonbo)
|                   Short_ene time             0.14 (98.27% of Direc)
|                   Other                      0.00 ( 1.73% of Direc)
|                Direct Ewald time          0.14 (61.35% of Ewald)
|                Adjust Ewald time          0.00 ( 0.71% of Ewald)
|                Self Ewald time            0.00 ( 0.07% of Ewald)
|                   Fill Bspline coeffs        0.01 ( 9.92% of Recip)
|                   Fill charge grid           0.02 (22.38% of Recip)
|                   Scalar sum                 0.02 (18.13% of Recip)
|                   Grad sum                   0.03 (32.08% of Recip)
|                   FFT time                   0.01 (16.55% of Recip)
|                   Other                      0.00 ( 0.95% of Recip)
|                Recip Ewald time           0.09 (37.59% of Ewald)
|                Force Adjust               0.00 ( 0.11% of Ewald)
|                Virial junk                0.00 ( 0.16% of Ewald)
|                Start sycnronization       0.00 ( 0.01% of Ewald)
|                Other                      0.00 ( 0.01% of Ewald)
|             Ewald time                 0.23 (58.33% of Nonbo)
|          Nonbond force              0.40 (98.62% of Force)
|          Bond/Angle/Dihedral        0.00 ( 0.39% of Force)
|          Other                      0.00 ( 0.99% of Force)
|       Force time                 0.41 (75.50% of Runmd)
|       Verlet update time         0.13 (24.12% of Runmd)
|       Other                      0.00 ( 0.38% of Runmd)
|    Runmd Time                 0.54 (91.52% of Total)
|    Other                      0.04 ( 7.22% of Total)
| Total time                 0.59 (100.0% of ALL  )

| Highest rstack allocated:      85558
| Highest istack allocated:       2592
|           Job began  at 19:32:48.487  on 01/16/2007
|           Setup done at 19:32:48.537  on 01/16/2007
|           Run   done at 19:32:49.076  on 01/16/2007
|     wallclock() was called     327 times
