Total number of electrons: 70; net charge: 0

Running: /home/jwang/git/amber/bin/sqm -O -i sqm.in -o sqm.out

